[2026-05-23 10:28:52] INFO — Running keyword scorer...
[2026-05-23 10:28:52] INFO — Running skill scorer...
[2026-05-23 10:28:52] INFO — Running section scorer...
[2026-05-23 10:28:52] INFO — Analyzing format...
[2026-05-23 10:28:52] INFO — Extracting education...
[2026-05-23 10:28:52] INFO — Computing hybrid score...
[2026-05-23 10:29:00] WARNING — ML model not trained yet. Using rule-based score only.
[2026-05-23 10:31:54] INFO — Running keyword scorer...
[2026-05-23 10:31:54] INFO — Running skill scorer...
[2026-05-23 10:31:54] INFO — Running section scorer...
[2026-05-23 10:31:54] INFO — Analyzing format...
[2026-05-23 10:31:54] INFO — Extracting education...
[2026-05-23 10:31:54] INFO — Computing hybrid score...
[2026-05-23 10:31:54] WARNING — ML model not trained yet. Using rule-based score only.
[2026-05-23 10:35:35] INFO — Running keyword scorer...
[2026-05-23 10:35:35] INFO — Running skill scorer...
[2026-05-23 10:35:35] INFO — Running section scorer...
[2026-05-23 10:35:35] INFO — Analyzing format...
[2026-05-23 10:35:35] INFO — Extracting education...
[2026-05-23 10:35:35] INFO — Computing hybrid score...
[2026-05-23 10:35:35] WARNING — ML model not trained yet. Using rule-based score only.
[2026-05-23 10:48:17] INFO — Running keyword scorer...
[2026-05-23 10:48:17] INFO — Running skill scorer...
[2026-05-23 10:48:17] INFO — Running section scorer...
[2026-05-23 10:48:17] INFO — Analyzing format...
[2026-05-23 10:48:17] INFO — Extracting education...
[2026-05-23 10:48:17] INFO — Computing hybrid score...
[2026-05-23 10:48:18] WARNING — ML model not trained yet. Using rule-based score only.
[2026-05-23 11:01:02] WARNING — ML model unavailable: No trained model found at C:\Users\mahim\Downloads\ats-resume-analyzer\data\models\ats_model.pkl.
Run: python -m src.model.train
[2026-05-23 14:27:06] WARNING — ML model unavailable: No trained model found at C:\Users\mahim\Downloads\ats-resume-analyzer\data\models\ats_model.pkl.
Run: python -m src.model.train
[2026-05-23 14:28:42] WARNING — ML model unavailable: No trained model found at C:\Users\mahim\Downloads\ats-resume-analyzer\data\models\ats_model.pkl.
Run: python -m src.model.train
[2026-05-23 14:29:01] WARNING — ML model unavailable: No trained model found at C:\Users\mahim\Downloads\ats-resume-analyzer\data\models\ats_model.pkl.
Run: python -m src.model.train
[2026-05-23 14:29:14] WARNING — ML model unavailable: No trained model found at C:\Users\mahim\Downloads\ats-resume-analyzer\data\models\ats_model.pkl.
Run: python -m src.model.train
[2026-05-23 14:52:20] WARNING — ML unavailable: No trained model found at C:\Users\mahim\Downloads\ats-resume-analyzer\data\models\ats_model.pkl.
Run: python -m src.model.train
[2026-05-23 14:53:43] WARNING — ML unavailable: No trained model found at C:\Users\mahim\Downloads\ats-resume-analyzer\data\models\ats_model.pkl.
Run: python -m src.model.train
[2026-05-23 14:54:14] WARNING — ML unavailable: No trained model found at C:\Users\mahim\Downloads\ats-resume-analyzer\data\models\ats_model.pkl.
Run: python -m src.model.train
[2026-05-29 13:13:36] WARNING — ML unavailable: No trained model found at C:\Users\mahim\Downloads\ats-resume-analyzer\data\models\ats_model.pkl.
Run: python -m src.model.train
[2026-05-29 13:15:30] WARNING — ML unavailable: No trained model found at C:\Users\mahim\Downloads\ats-resume-analyzer\data\models\ats_model.pkl.
Run: python -m src.model.train
[2026-05-29 14:51:10] WARNING — ML unavailable: No trained model found at C:\Users\mahim\Downloads\ats-resume-analyzer\data\models\ats_model.pkl.
Run: python -m src.model.train
[2026-05-29 15:50:13] WARNING — ML unavailable: No trained model found at C:\Users\mahim\Downloads\ats-resume-analyzer\data\models\ats_model.pkl.
Run: python -m src.model.train
[2026-05-30 11:51:53] WARNING — ML unavailable: No trained model found at C:\Users\mahim\Downloads\ats-resume-analyzer\data\models\ats_model.pkl.
Run: python -m src.model.train
[2026-05-30 12:15:32] WARNING — ML unavailable: No trained model found at C:\Users\mahim\Downloads\ats-resume-analyzer\data\models\ats_model.pkl.
Run: python -m src.model.train
[2026-05-30 12:32:20] WARNING — ML unavailable: No trained model found at C:\Users\mahim\Downloads\ats-resume-analyzer\data\models\ats_model.pkl.
Run: python -m src.model.train
[2026-05-30 12:41:44] WARNING — ML unavailable: No trained model found at C:\Users\mahim\Downloads\ats-resume-analyzer\data\models\ats_model.pkl.
Run: python -m src.model.train
[2026-05-30 12:46:27] WARNING — ML unavailable: No trained model found at C:\Users\mahim\Downloads\ats-resume-analyzer\data\models\ats_model.pkl.
Run: python -m src.model.train
[2026-05-30 12:56:08] WARNING — ML unavailable: No trained model found at C:\Users\mahim\Downloads\ats-resume-analyzer\data\models\ats_model.pkl.
Run: python -m src.model.train
[2026-05-30 13:06:01] WARNING — ML unavailable: No trained model found at C:\Users\mahim\Downloads\ats-resume-analyzer\data\models\ats_model.pkl.
Run: python -m src.model.train
[2026-05-30 13:06:21] WARNING — ML unavailable: No trained model found at C:\Users\mahim\Downloads\ats-resume-analyzer\data\models\ats_model.pkl.
Run: python -m src.model.train
[2026-05-30 13:08:43] WARNING — ML unavailable: No trained model found at C:\Users\mahim\Downloads\ats-resume-analyzer\data\models\ats_model.pkl.
Run: python -m src.model.train
[2026-05-30 13:09:55] WARNING — ML unavailable: No trained model found at C:\Users\mahim\Downloads\ats-resume-analyzer\data\models\ats_model.pkl.
Run: python -m src.model.train
[2026-05-30 13:11:20] WARNING — ML unavailable: No trained model found at C:\Users\mahim\Downloads\ats-resume-analyzer\data\models\ats_model.pkl.
Run: python -m src.model.train
[2026-05-30 13:11:26] WARNING — ML unavailable: No trained model found at C:\Users\mahim\Downloads\ats-resume-analyzer\data\models\ats_model.pkl.
Run: python -m src.model.train
[2026-05-30 13:11:56] WARNING — ML unavailable: No trained model found at C:\Users\mahim\Downloads\ats-resume-analyzer\data\models\ats_model.pkl.
Run: python -m src.model.train
[2026-05-30 14:30:54] WARNING — ML unavailable: No trained model found at C:\Users\mahim\Downloads\ats-resume-analyzer\data\models\ats_model.pkl.
Run: python -m src.model.train
[2026-05-30 14:50:42] WARNING — ML unavailable: No trained model found at C:\Users\mahim\Downloads\ats-resume-analyzer\data\models\ats_model.pkl.
Run: python -m src.model.train
[2026-05-30 15:01:07] WARNING — ML unavailable: No trained model found at C:\Users\mahim\Downloads\ats-resume-analyzer\data\models\ats_model.pkl.
Run: python -m src.model.train
[2026-05-30 15:26:30] WARNING — ML unavailable: No trained model found at C:\Users\mahim\Downloads\ats-resume-analyzer\data\models\ats_model.pkl.
Run: python -m src.model.train
[2026-05-30 15:48:44] WARNING — ML unavailable: No trained model found at C:\Users\mahim\Downloads\ats-resume-analyzer\data\models\ats_model.pkl.
Run: python -m src.model.train
[2026-06-01 10:05:33] WARNING — ML unavailable: No trained model found at C:\Users\mahim\Downloads\ats-resume-analyzer\data\models\ats_model.pkl.
Run: python -m src.model.train
[2026-06-01 10:12:39] WARNING — ML unavailable: No trained model found at C:\Users\mahim\Downloads\ats-resume-analyzer\data\models\ats_model.pkl.
Run: python -m src.model.train
[2026-06-01 10:17:14] WARNING — ML unavailable: No trained model found at C:\Users\mahim\Downloads\ats-resume-analyzer\data\models\ats_model.pkl.
Run: python -m src.model.train
[2026-06-01 10:21:49] WARNING — ML unavailable: No trained model found at C:\Users\mahim\Downloads\ats-resume-analyzer\data\models\ats_model.pkl.
Run: python -m src.model.train
[2026-06-01 10:24:16] WARNING — ML unavailable: No trained model found at C:\Users\mahim\Downloads\ats-resume-analyzer\data\models\ats_model.pkl.
Run: python -m src.model.train
[2026-06-01 11:47:41] WARNING — ML unavailable: No trained model found at C:\Users\mahim\Downloads\ats-resume-analyzer\data\models\ats_model.pkl.
Run: python -m src.model.train
[2026-06-01 12:29:16] WARNING — ML unavailable: No trained model found at C:\Users\mahim\Downloads\ats-resume-analyzer\data\models\ats_model.pkl.
Run: python -m src.model.train
[2026-06-01 14:21:35] WARNING — ML unavailable: No trained model found at C:\Users\mahim\Downloads\ats-resume-analyzer\data\models\ats_model.pkl.
Run: python -m src.model.train
[2026-06-01 14:22:22] WARNING — ML unavailable: No trained model found at C:\Users\mahim\Downloads\ats-resume-analyzer\data\models\ats_model.pkl.
Run: python -m src.model.train
[2026-06-01 15:49:37] WARNING — ML unavailable: No trained model found at C:\Users\mahim\Downloads\ats-resume-analyzer\data\models\ats_model.pkl.
Run: python -m src.model.train
[2026-06-01 15:50:23] WARNING — ML unavailable: No trained model found at C:\Users\mahim\Downloads\ats-resume-analyzer\data\models\ats_model.pkl.
Run: python -m src.model.train
[2026-06-02 10:08:32] WARNING — ML unavailable: No trained model found at C:\Users\mahim\Downloads\ats-resume-analyzer\data\models\ats_model.pkl.
Run: python -m src.model.train
[2026-06-02 10:08:32] WARNING — ML unavailable: No trained model found at C:\Users\mahim\Downloads\ats-resume-analyzer\data\models\ats_model.pkl.
Run: python -m src.model.train
[2026-06-02 10:08:32] WARNING — ML unavailable: No trained model found at C:\Users\mahim\Downloads\ats-resume-analyzer\data\models\ats_model.pkl.
Run: python -m src.model.train
[2026-06-02 10:08:32] WARNING — ML unavailable: No trained model found at C:\Users\mahim\Downloads\ats-resume-analyzer\data\models\ats_model.pkl.
Run: python -m src.model.train
[2026-06-02 10:10:47] WARNING — ML unavailable: No trained model found at C:\Users\mahim\Downloads\ats-resume-analyzer\data\models\ats_model.pkl.
Run: python -m src.model.train
[2026-06-02 10:11:08] WARNING — ML unavailable: No trained model found at C:\Users\mahim\Downloads\ats-resume-analyzer\data\models\ats_model.pkl.
Run: python -m src.model.train
[2026-06-02 10:11:46] WARNING — ML unavailable: No trained model found at C:\Users\mahim\Downloads\ats-resume-analyzer\data\models\ats_model.pkl.
Run: python -m src.model.train
[2026-06-06 11:54:17] WARNING — ML unavailable: No trained model found at C:\Users\mahim\Downloads\ats-resume-analyzer\data\models\ats_model.pkl.
Run: python -m src.model.train
[2026-06-06 11:55:17] WARNING — ML unavailable: No trained model found at C:\Users\mahim\Downloads\ats-resume-analyzer\data\models\ats_model.pkl.
Run: python -m src.model.train
